
======================================================================
=== GAME START === | 2026-01-02 10:58:55.151
======================================================================

Move #1 | 2026-01-02 10:58:55.352 | AI (White) | h2->h4
Board State:
[r, n, b, q, k, b, n, r]
[p, p, p, p, p, p, p, p]
[ ,  ,  ,  ,  ,  ,  ,  ]
[ ,  ,  ,  ,  ,  ,  ,  ]
[ ,  ,  ,  ,  ,  ,  , P]
[ ,  ,  ,  ,  ,  ,  ,  ]
[P, P, P, P, P, P, P,  ]
[R, N, B, Q, K, B, N, R]

Move #2 | 2026-01-02 10:58:55.503 | AI (Black) | h7->h6
Board State:
[r, n, b, q, k, b, n, r]
[p, p, p, p, p, p, p,  ]
[ ,  ,  ,  ,  ,  ,  , p]
[ ,  ,  ,  ,  ,  ,  ,  ]
[ ,  ,  ,  ,  ,  ,  , P]
[ ,  ,  ,  ,  ,  ,  ,  ]
[P, P, P, P, P, P, P,  ]
[R, N, B, Q, K, B, N, R]

Move #3 | 2026-01-02 10:58:55.655 | AI (White) | h4->h5
Board State:
[r, n, b, q, k, b, n, r]
[p, p, p, p, p, p, p,  ]
[ ,  ,  ,  ,  ,  ,  , p]
[ ,  ,  ,  ,  ,  ,  , P]
[ ,  ,  ,  ,  ,  ,  ,  ]
[ ,  ,  ,  ,  ,  ,  ,  ]
[P, P, P, P, P, P, P,  ]
[R, N, B, Q, K, B, N, R]

Move #4 | 2026-01-02 10:58:55.806 | AI (Black) | g7->g6
Board State:
[r, n, b, q, k, b, n, r]
[p, p, p, p, p, p,  ,  ]
[ ,  ,  ,  ,  ,  , p, p]
[ ,  ,  ,  ,  ,  ,  , P]
[ ,  ,  ,  ,  ,  ,  ,  ]
[ ,  ,  ,  ,  ,  ,  ,  ]
[P, P, P, P, P, P, P,  ]
[R, N, B, Q, K, B, N, R]

Move #5 | 2026-01-02 10:58:55.957 | AI (White) | h5->g6
Board State:
[r, n, b, q, k, b, n, r]
[p, p, p, p, p, p,  ,  ]
[ ,  ,  ,  ,  ,  , P, p]
[ ,  ,  ,  ,  ,  ,  ,  ]
[ ,  ,  ,  ,  ,  ,  ,  ]
[ ,  ,  ,  ,  ,  ,  ,  ]
[P, P, P, P, P, P, P,  ]
[R, N, B, Q, K, B, N, R]

Move #6 | 2026-01-02 10:58:56.109 | AI (Black) | h8->h7
Board State:
[r, n, b, q, k, b, n,  ]
[p, p, p, p, p, p,  , r]
[ ,  ,  ,  ,  ,  , P, p]
[ ,  ,  ,  ,  ,  ,  ,  ]
[ ,  ,  ,  ,  ,  ,  ,  ]
[ ,  ,  ,  ,  ,  ,  ,  ]
[P, P, P, P, P, P, P,  ]
[R, N, B, Q, K, B, N, R]

Move #7 | 2026-01-02 10:58:56.260 | AI (White) | h1->h6
Board State:
[r, n, b, q, k, b, n,  ]
[p, p, p, p, p, p,  , r]
[ ,  ,  ,  ,  ,  , P, R]
[ ,  ,  ,  ,  ,  ,  ,  ]
[ ,  ,  ,  ,  ,  ,  ,  ]
[ ,  ,  ,  ,  ,  ,  ,  ]
[P, P, P, P, P, P, P,  ]
[R, N, B, Q, K, B, N,  ]

Move #8 | 2026-01-02 10:58:56.411 | AI (Black) | h7->h8
Board State:
[r, n, b, q, k, b, n, r]
[p, p, p, p, p, p,  ,  ]
[ ,  ,  ,  ,  ,  , P, R]
[ ,  ,  ,  ,  ,  ,  ,  ]
[ ,  ,  ,  ,  ,  ,  ,  ]
[ ,  ,  ,  ,  ,  ,  ,  ]
[P, P, P, P, P, P, P,  ]
[R, N, B, Q, K, B, N,  ]

Move #9 | 2026-01-02 10:58:56.562 | AI (White) | d2->d3
Board State:
[r, n, b, q, k, b, n, r]
[p, p, p, p, p, p,  ,  ]
[ ,  ,  ,  ,  ,  , P, R]
[ ,  ,  ,  ,  ,  ,  ,  ]
[ ,  ,  ,  ,  ,  ,  ,  ]
[ ,  ,  , P,  ,  ,  ,  ]
[P, P, P,  , P, P, P,  ]
[R, N, B, Q, K, B, N,  ]

Move #10 | 2026-01-02 10:58:56.714 | AI (Black) | h8->h7
Board State:
[r, n, b, q, k, b, n,  ]
[p, p, p, p, p, p,  , r]
[ ,  ,  ,  ,  ,  , P, R]
[ ,  ,  ,  ,  ,  ,  ,  ]
[ ,  ,  ,  ,  ,  ,  ,  ]
[ ,  ,  , P,  ,  ,  ,  ]
[P, P, P,  , P, P, P,  ]
[R, N, B, Q, K, B, N,  ]

Move #11 | 2026-01-02 10:58:56.866 | AI (White) | h6->h7
Board State:
[r, n, b, q, k, b, n,  ]
[p, p, p, p, p, p,  , R]
[ ,  ,  ,  ,  ,  , P,  ]
[ ,  ,  ,  ,  ,  ,  ,  ]
[ ,  ,  ,  ,  ,  ,  ,  ]
[ ,  ,  , P,  ,  ,  ,  ]
[P, P, P,  , P, P, P,  ]
[R, N, B, Q, K, B, N,  ]

Move #12 | 2026-01-02 10:58:57.017 | AI (Black) | g8->h6
Board State:
[r, n, b, q, k, b,  ,  ]
[p, p, p, p, p, p,  , R]
[ ,  ,  ,  ,  ,  , P, n]
[ ,  ,  ,  ,  ,  ,  ,  ]
[ ,  ,  ,  ,  ,  ,  ,  ]
[ ,  ,  , P,  ,  ,  ,  ]
[P, P, P,  , P, P, P,  ]
[R, N, B, Q, K, B, N,  ]

Move #13 | 2026-01-02 10:58:57.168 | AI (White) | b1->c3
Board State:
[r, n, b, q, k, b,  ,  ]
[p, p, p, p, p, p,  , R]
[ ,  ,  ,  ,  ,  , P, n]
[ ,  ,  ,  ,  ,  ,  ,  ]
[ ,  ,  ,  ,  ,  ,  ,  ]
[ ,  , N, P,  ,  ,  ,  ]
[P, P, P,  , P, P, P,  ]
[R,  , B, Q, K, B, N,  ]

Move #14 | 2026-01-02 10:58:57.319 | AI (Black) | h6->g8
Board State:
[r, n, b, q, k, b, n,  ]
[p, p, p, p, p, p,  , R]
[ ,  ,  ,  ,  ,  , P,  ]
[ ,  ,  ,  ,  ,  ,  ,  ]
[ ,  ,  ,  ,  ,  ,  ,  ]
[ ,  , N, P,  ,  ,  ,  ]
[P, P, P,  , P, P, P,  ]
[R,  , B, Q, K, B, N,  ]

Move #15 | 2026-01-02 10:58:57.470 | AI (White) | h7->h8
Board State:
[r, n, b, q, k, b, n, R]
[p, p, p, p, p, p,  ,  ]
[ ,  ,  ,  ,  ,  , P,  ]
[ ,  ,  ,  ,  ,  ,  ,  ]
[ ,  ,  ,  ,  ,  ,  ,  ]
[ ,  , N, P,  ,  ,  ,  ]
[P, P, P,  , P, P, P,  ]
[R,  , B, Q, K, B, N,  ]

Move #16 | 2026-01-02 10:58:57.622 | AI (Black) | g8->h6
Board State:
[r, n, b, q, k, b,  , R]
[p, p, p, p, p, p,  ,  ]
[ ,  ,  ,  ,  ,  , P, n]
[ ,  ,  ,  ,  ,  ,  ,  ]
[ ,  ,  ,  ,  ,  ,  ,  ]
[ ,  , N, P,  ,  ,  ,  ]
[P, P, P,  , P, P, P,  ]
[R,  , B, Q, K, B, N,  ]

Move #17 | 2026-01-02 10:58:57.773 | AI (White) | h8->h7
Board State:
[r, n, b, q, k, b,  ,  ]
[p, p, p, p, p, p,  , R]
[ ,  ,  ,  ,  ,  , P, n]
[ ,  ,  ,  ,  ,  ,  ,  ]
[ ,  ,  ,  ,  ,  ,  ,  ]
[ ,  , N, P,  ,  ,  ,  ]
[P, P, P,  , P, P, P,  ]
[R,  , B, Q, K, B, N,  ]

Move #18 | 2026-01-02 10:58:57.924 | AI (Black) | h6->g8
Board State:
[r, n, b, q, k, b, n,  ]
[p, p, p, p, p, p,  , R]
[ ,  ,  ,  ,  ,  , P,  ]
[ ,  ,  ,  ,  ,  ,  ,  ]
[ ,  ,  ,  ,  ,  ,  ,  ]
[ ,  , N, P,  ,  ,  ,  ]
[P, P, P,  , P, P, P,  ]
[R,  , B, Q, K, B, N,  ]

Move #19 | 2026-01-02 10:58:58.076 | AI (White) | a2->a4
Board State:
[r, n, b, q, k, b, n,  ]
[p, p, p, p, p, p,  , R]
[ ,  ,  ,  ,  ,  , P,  ]
[ ,  ,  ,  ,  ,  ,  ,  ]
[P,  ,  ,  ,  ,  ,  ,  ]
[ ,  , N, P,  ,  ,  ,  ]
[ , P, P,  , P, P, P,  ]
[R,  , B, Q, K, B, N,  ]

Move #20 | 2026-01-02 10:58:58.227 | AI (Black) | d7->d6
Board State:
[r, n, b, q, k, b, n,  ]
[p, p, p,  , p, p,  , R]
[ ,  ,  , p,  ,  , P,  ]
[ ,  ,  ,  ,  ,  ,  ,  ]
[P,  ,  ,  ,  ,  ,  ,  ]
[ ,  , N, P,  ,  ,  ,  ]
[ , P, P,  , P, P, P,  ]
[R,  , B, Q, K, B, N,  ]

Move #21 | 2026-01-02 10:58:58.378 | AI (White) | h7->h8
Board State:
[r, n, b, q, k, b, n, R]
[p, p, p,  , p, p,  ,  ]
[ ,  ,  , p,  ,  , P,  ]
[ ,  ,  ,  ,  ,  ,  ,  ]
[P,  ,  ,  ,  ,  ,  ,  ]
[ ,  , N, P,  ,  ,  ,  ]
[ , P, P,  , P, P, P,  ]
[R,  , B, Q, K, B, N,  ]

Move #22 | 2026-01-02 10:58:58.530 | AI (Black) | g8->h6
Board State:
[r, n, b, q, k, b,  , R]
[p, p, p,  , p, p,  ,  ]
[ ,  ,  , p,  ,  , P, n]
[ ,  ,  ,  ,  ,  ,  ,  ]
[P,  ,  ,  ,  ,  ,  ,  ]
[ ,  , N, P,  ,  ,  ,  ]
[ , P, P,  , P, P, P,  ]
[R,  , B, Q, K, B, N,  ]

Move #23 | 2026-01-02 10:58:58.681 | AI (White) | h8->h7
Board State:
[r, n, b, q, k, b,  ,  ]
[p, p, p,  , p, p,  , R]
[ ,  ,  , p,  ,  , P, n]
[ ,  ,  ,  ,  ,  ,  ,  ]
[P,  ,  ,  ,  ,  ,  ,  ]
[ ,  , N, P,  ,  ,  ,  ]
[ , P, P,  , P, P, P,  ]
[R,  , B, Q, K, B, N,  ]

Move #24 | 2026-01-02 10:58:58.832 | AI (Black) | h6->g8
Board State:
[r, n, b, q, k, b, n,  ]
[p, p, p,  , p, p,  , R]
[ ,  ,  , p,  ,  , P,  ]
[ ,  ,  ,  ,  ,  ,  ,  ]
[P,  ,  ,  ,  ,  ,  ,  ]
[ ,  , N, P,  ,  ,  ,  ]
[ , P, P,  , P, P, P,  ]
[R,  , B, Q, K, B, N,  ]

Move #25 | 2026-01-02 10:58:58.983 | AI (White) | c1->h6
Board State:
[r, n, b, q, k, b, n,  ]
[p, p, p,  , p, p,  , R]
[ ,  ,  , p,  ,  , P, B]
[ ,  ,  ,  ,  ,  ,  ,  ]
[P,  ,  ,  ,  ,  ,  ,  ]
[ ,  , N, P,  ,  ,  ,  ]
[ , P, P,  , P, P, P,  ]
[R,  ,  , Q, K, B, N,  ]

Move #26 | 2026-01-02 10:58:59.134 | AI (Black) | g8->h6
Board State:
[r, n, b, q, k, b,  ,  ]
[p, p, p,  , p, p,  , R]
[ ,  ,  , p,  ,  , P, n]
[ ,  ,  ,  ,  ,  ,  ,  ]
[P,  ,  ,  ,  ,  ,  ,  ]
[ ,  , N, P,  ,  ,  ,  ]
[ , P, P,  , P, P, P,  ]
[R,  ,  , Q, K, B, N,  ]

Move #27 | 2026-01-02 10:58:59.285 | AI (White) | g1->h3
Board State:
[r, n, b, q, k, b,  ,  ]
[p, p, p,  , p, p,  , R]
[ ,  ,  , p,  ,  , P, n]
[ ,  ,  ,  ,  ,  ,  ,  ]
[P,  ,  ,  ,  ,  ,  ,  ]
[ ,  , N, P,  ,  ,  , N]
[ , P, P,  , P, P, P,  ]
[R,  ,  , Q, K, B,  ,  ]

Move #28 | 2026-01-02 10:58:59.436 | AI (Black) | h6->g8
Board State:
[r, n, b, q, k, b, n,  ]
[p, p, p,  , p, p,  , R]
[ ,  ,  , p,  ,  , P,  ]
[ ,  ,  ,  ,  ,  ,  ,  ]
[P,  ,  ,  ,  ,  ,  ,  ]
[ ,  , N, P,  ,  ,  , N]
[ , P, P,  , P, P, P,  ]
[R,  ,  , Q, K, B,  ,  ]

Move #29 | 2026-01-02 10:58:59.588 | AI (White) | h7->h8
Board State:
[r, n, b, q, k, b, n, R]
[p, p, p,  , p, p,  ,  ]
[ ,  ,  , p,  ,  , P,  ]
[ ,  ,  ,  ,  ,  ,  ,  ]
[P,  ,  ,  ,  ,  ,  ,  ]
[ ,  , N, P,  ,  ,  , N]
[ , P, P,  , P, P, P,  ]
[R,  ,  , Q, K, B,  ,  ]

Move #30 | 2026-01-02 10:58:59.739 | AI (Black) | g8->h6
Board State:
[r, n, b, q, k, b,  , R]
[p, p, p,  , p, p,  ,  ]
[ ,  ,  , p,  ,  , P, n]
[ ,  ,  ,  ,  ,  ,  ,  ]
[P,  ,  ,  ,  ,  ,  ,  ]
[ ,  , N, P,  ,  ,  , N]
[ , P, P,  , P, P, P,  ]
[R,  ,  , Q, K, B,  ,  ]

Move #31 | 2026-01-02 10:58:59.890 | AI (White) | h8->h7
Board State:
[r, n, b, q, k, b,  ,  ]
[p, p, p,  , p, p,  , R]
[ ,  ,  , p,  ,  , P, n]
[ ,  ,  ,  ,  ,  ,  ,  ]
[P,  ,  ,  ,  ,  ,  ,  ]
[ ,  , N, P,  ,  ,  , N]
[ , P, P,  , P, P, P,  ]
[R,  ,  , Q, K, B,  ,  ]

Move #32 | 2026-01-02 10:59:00.041 | AI (Black) | e7->e6
Board State:
[r, n, b, q, k, b,  ,  ]
[p, p, p,  ,  , p,  , R]
[ ,  ,  , p, p,  , P, n]
[ ,  ,  ,  ,  ,  ,  ,  ]
[P,  ,  ,  ,  ,  ,  ,  ]
[ ,  , N, P,  ,  ,  , N]
[ , P, P,  , P, P, P,  ]
[R,  ,  , Q, K, B,  ,  ]

Move #33 | 2026-01-02 10:59:00.192 | AI (White) | d1->c1
Board State:
[r, n, b, q, k, b,  ,  ]
[p, p, p,  ,  , p,  , R]
[ ,  ,  , p, p,  , P, n]
[ ,  ,  ,  ,  ,  ,  ,  ]
[P,  ,  ,  ,  ,  ,  ,  ]
[ ,  , N, P,  ,  ,  , N]
[ , P, P,  , P, P, P,  ]
[R,  , Q,  , K, B,  ,  ]

Move #34 | 2026-01-02 10:59:00.343 | AI (Black) | h6->g8
Board State:
[r, n, b, q, k, b, n,  ]
[p, p, p,  ,  , p,  , R]
[ ,  ,  , p, p,  , P,  ]
[ ,  ,  ,  ,  ,  ,  ,  ]
[P,  ,  ,  ,  ,  ,  ,  ]
[ ,  , N, P,  ,  ,  , N]
[ , P, P,  , P, P, P,  ]
[R,  , Q,  , K, B,  ,  ]

Move #35 | 2026-01-02 10:59:00.494 | AI (White) | c1->h6
Board State:
[r, n, b, q, k, b, n,  ]
[p, p, p,  ,  , p,  , R]
[ ,  ,  , p, p,  , P, Q]
[ ,  ,  ,  ,  ,  ,  ,  ]
[P,  ,  ,  ,  ,  ,  ,  ]
[ ,  , N, P,  ,  ,  , N]
[ , P, P,  , P, P, P,  ]
[R,  ,  ,  , K, B,  ,  ]

Move #36 | 2026-01-02 10:59:00.646 | AI (Black) | g8->h6
Board State:
[r, n, b, q, k, b,  ,  ]
[p, p, p,  ,  , p,  , R]
[ ,  ,  , p, p,  , P, n]
[ ,  ,  ,  ,  ,  ,  ,  ]
[P,  ,  ,  ,  ,  ,  ,  ]
[ ,  , N, P,  ,  ,  , N]
[ , P, P,  , P, P, P,  ]
[R,  ,  ,  , K, B,  ,  ]

Move #37 | 2026-01-02 10:59:00.797 | AI (White) | h7->h8
Board State:
[r, n, b, q, k, b,  , R]
[p, p, p,  ,  , p,  ,  ]
[ ,  ,  , p, p,  , P, n]
[ ,  ,  ,  ,  ,  ,  ,  ]
[P,  ,  ,  ,  ,  ,  ,  ]
[ ,  , N, P,  ,  ,  , N]
[ , P, P,  , P, P, P,  ]
[R,  ,  ,  , K, B,  ,  ]

Move #38 | 2026-01-02 10:59:00.948 | AI (Black) | f7->g6
Board State:
[r, n, b, q, k, b,  , R]
[p, p, p,  ,  ,  ,  ,  ]
[ ,  ,  , p, p,  , p, n]
[ ,  ,  ,  ,  ,  ,  ,  ]
[P,  ,  ,  ,  ,  ,  ,  ]
[ ,  , N, P,  ,  ,  , N]
[ , P, P,  , P, P, P,  ]
[R,  ,  ,  , K, B,  ,  ]

Move #39 | 2026-01-02 10:59:01.099 | AI (White) | h8->h7
Board State:
[r, n, b, q, k, b,  ,  ]
[p, p, p,  ,  ,  ,  , R]
[ ,  ,  , p, p,  , p, n]
[ ,  ,  ,  ,  ,  ,  ,  ]
[P,  ,  ,  ,  ,  ,  ,  ]
[ ,  , N, P,  ,  ,  , N]
[ , P, P,  , P, P, P,  ]
[R,  ,  ,  , K, B,  ,  ]

Move #40 | 2026-01-02 10:59:01.251 | AI (Black) | b8->d7
Board State:
[r,  , b, q, k, b,  ,  ]
[p, p, p, n,  ,  ,  , R]
[ ,  ,  , p, p,  , p, n]
[ ,  ,  ,  ,  ,  ,  ,  ]
[P,  ,  ,  ,  ,  ,  ,  ]
[ ,  , N, P,  ,  ,  , N]
[ , P, P,  , P, P, P,  ]
[R,  ,  ,  , K, B,  ,  ]

Move #41 | 2026-01-02 10:59:01.402 | AI (White) | h7->h8
Board State:
[r,  , b, q, k, b,  , R]
[p, p, p, n,  ,  ,  ,  ]
[ ,  ,  , p, p,  , p, n]
[ ,  ,  ,  ,  ,  ,  ,  ]
[P,  ,  ,  ,  ,  ,  ,  ]
[ ,  , N, P,  ,  ,  , N]
[ , P, P,  , P, P, P,  ]
[R,  ,  ,  , K, B,  ,  ]

Move #42 | 2026-01-02 10:59:01.553 | AI (Black) | h6->g8
Board State:
[r,  , b, q, k, b, n, R]
[p, p, p, n,  ,  ,  ,  ]
[ ,  ,  , p, p,  , p,  ]
[ ,  ,  ,  ,  ,  ,  ,  ]
[P,  ,  ,  ,  ,  ,  ,  ]
[ ,  , N, P,  ,  ,  , N]
[ , P, P,  , P, P, P,  ]
[R,  ,  ,  , K, B,  ,  ]

Move #43 | 2026-01-02 10:59:01.704 | AI (White) | h8->h7
Board State:
[r,  , b, q, k, b, n,  ]
[p, p, p, n,  ,  ,  , R]
[ ,  ,  , p, p,  , p,  ]
[ ,  ,  ,  ,  ,  ,  ,  ]
[P,  ,  ,  ,  ,  ,  ,  ]
[ ,  , N, P,  ,  ,  , N]
[ , P, P,  , P, P, P,  ]
[R,  ,  ,  , K, B,  ,  ]

Move #44 | 2026-01-02 10:59:01.856 | AI (Black) | g8->h6
Board State:
[r,  , b, q, k, b,  ,  ]
[p, p, p, n,  ,  ,  , R]
[ ,  ,  , p, p,  , p, n]
[ ,  ,  ,  ,  ,  ,  ,  ]
[P,  ,  ,  ,  ,  ,  ,  ]
[ ,  , N, P,  ,  ,  , N]
[ , P, P,  , P, P, P,  ]
[R,  ,  ,  , K, B,  ,  ]

Move #45 | 2026-01-02 10:59:02.007 | AI (White) | h7->h8
Board State:
[r,  , b, q, k, b,  , R]
[p, p, p, n,  ,  ,  ,  ]
[ ,  ,  , p, p,  , p, n]
[ ,  ,  ,  ,  ,  ,  ,  ]
[P,  ,  ,  ,  ,  ,  ,  ]
[ ,  , N, P,  ,  ,  , N]
[ , P, P,  , P, P, P,  ]
[R,  ,  ,  , K, B,  ,  ]

Move #46 | 2026-01-02 10:59:02.158 | AI (Black) | h6->g8
Board State:
[r,  , b, q, k, b, n, R]
[p, p, p, n,  ,  ,  ,  ]
[ ,  ,  , p, p,  , p,  ]
[ ,  ,  ,  ,  ,  ,  ,  ]
[P,  ,  ,  ,  ,  ,  ,  ]
[ ,  , N, P,  ,  ,  , N]
[ , P, P,  , P, P, P,  ]
[R,  ,  ,  , K, B,  ,  ]

Move #47 | 2026-01-02 10:59:02.309 | AI (White) | h8->h7
Board State:
[r,  , b, q, k, b, n,  ]
[p, p, p, n,  ,  ,  , R]
[ ,  ,  , p, p,  , p,  ]
[ ,  ,  ,  ,  ,  ,  ,  ]
[P,  ,  ,  ,  ,  ,  ,  ]
[ ,  , N, P,  ,  ,  , N]
[ , P, P,  , P, P, P,  ]
[R,  ,  ,  , K, B,  ,  ]

Move #48 | 2026-01-02 10:59:02.461 | AI (Black) | b7->b5
Board State:
[r,  , b, q, k, b, n,  ]
[p,  , p, n,  ,  ,  , R]
[ ,  ,  , p, p,  , p,  ]
[ , p,  ,  ,  ,  ,  ,  ]
[P,  ,  ,  ,  ,  ,  ,  ]
[ ,  , N, P,  ,  ,  , N]
[ , P, P,  , P, P, P,  ]
[R,  ,  ,  , K, B,  ,  ]

Move #49 | 2026-01-02 10:59:02.612 | AI (White) | h3->f4
Board State:
[r,  , b, q, k, b, n,  ]
[p,  , p, n,  ,  ,  , R]
[ ,  ,  , p, p,  , p,  ]
[ , p,  ,  ,  ,  ,  ,  ]
[P,  ,  ,  ,  , N,  ,  ]
[ ,  , N, P,  ,  ,  ,  ]
[ , P, P,  , P, P, P,  ]
[R,  ,  ,  , K, B,  ,  ]

Move #50 | 2026-01-02 10:59:02.763 | AI (Black) | g8->h6
Board State:
[r,  , b, q, k, b,  ,  ]
[p,  , p, n,  ,  ,  , R]
[ ,  ,  , p, p,  , p, n]
[ , p,  ,  ,  ,  ,  ,  ]
[P,  ,  ,  ,  , N,  ,  ]
[ ,  , N, P,  ,  ,  ,  ]
[ , P, P,  , P, P, P,  ]
[R,  ,  ,  , K, B,  ,  ]

